eeschema (2013-jul-07)-stable  >> Creation date: Wed 10 Jun 2015 04:07:07 PM CST
#Cmp ( order = Reference )
| C1         22uF        
| C2         22pF        
| C3         22pF        
| C4         100nF       
| C5         22uF        
| C6         100nF       
| C7         1uF         
| C8         22uF        
| C9         100nF       
| C10        33nF        
| C11        1uF         
| C12        1uF         
| C13        1uF         
| C14        33nF        
| C15        1uF         
| C16        22uF        
| C17        22uF        
| C18        100nF       
| C19        22uF        
| C20        22uF        
| C21        100nF       
| C22        1uF         
| C23        1uF         
| C24        100nF       
| C25        1uF         
| C26        4.7nF       
| C27        100nF       
| C28        22uF        
| C29        4.7nF       
| C30        100nF       
| C31        1uF         
| C32        100nF       
| C33        1uF         
| C34        4.7nF       
| C35        100nF       
| C36        1uF         
| C37        100nF       
| C38        100nF       
| C39        100nF       
| C40        100nF       
| C41        100nF       
| C42        100nF       
| C43        100nF       
| C44        100nF       
| C45        1uF         
| C46        100nF       
| C47        100nF       
| C48        100nF       
| C49        100nF       
| C50        100nF       
| C51        100nF       
| C52        100nF       
| C53        100nF       
| C54        100nF       
| C55        100nF       
| C56        100nF       
| D1         DIODESCH    
| D2         BAV99U      
| D3         BAV99U      
| D4         DIODESCH    
| D5         BAV99U      
| F1         FUSE        
| L1         33uH        
| LCD1       LCD_320x240 
| M1         ESP03       
| P1         CONN_5X2    
| P2         CONN_10X2   
| P3         CONN_1      
| P4         CONN_1      
| P5         CONN_1      
| P6         CONN_1      
| P7         CONN_1      
| P8         CONN_1      
| P9         CONN_1      
| P10        CONN_1      
| P11        CONN_1      
| P12        CONN_1      
| P13        CONN_1      
| P14        CONN_1      
| P15        CONN_1      
| P16        CONN_1      
| P17        CONN_1      
| P18        CONN_1      
| P19        CONN_1      
| P20        CONN_1      
| P21        CONN_1      
| P22        CONN_1      
| P23        CONN_1      
| P24        CONN_1      
| Qb1        N           
| Qb2        N           
| Qb3        N           
| Qb4        N           
| Qb5        N           
| Qb6        P           
| Qb7        P           
| Qb8        P           
| R1         10k         
| R2         10k         
| R3         10k         
| R4         10k         
| R5         10k         
| R6         10K         
| R7         10K         
| R8         10K         
| R9         10K         
| R10        10K         
| R11        10K         
| R12        1K          
| R13        10K         
| R14        10K         
| R15        1K          
| R16        10k         
| R17        10k         
| R18        1K          
| R19        1K          
| R20        1K          
| R21        1K          
| R22        1K          
| R23        100         
| R24        100         
| R25        10K         
| R26        10K         
| R27        1k          
| R28        10K         
| R29        1K          
| R30        10K         
| R31        1K          
| R32        10K         
| R33        1K          
| R34        10K         
| R35        1K          
| R36        10K         
| R37        1K          
| R38        10K         
| R39        1K          
| R40        10K         
| R41        1K          
| R42        10K         
| R43        1K          
| R44        1K          
| R45        10K         
| R46        10K         
| R47        100         
| R48        100         
| R49        1K          
| R50        100         
| R51        100         
| R52        10K         
| R53        10K         
| R54        470K        
| R55        470K        
| R56        470K        
| R57        470K        
| R58        470K        
| R59        470K        
| R60        470K        
| R61        470K        
| R62        470K        
| R63        470K        
| R64        12          
| R65        12          
| R66        12          
| R67        12          
| R68        12          
| R69        12          
| R70        12          
| R71        12          
| R72        12          
| R73        12          
| R74        12          
| R75        12          
| R76        12          
| R77        12          
| R78        12          
| R79        12          
| U1         FAN5622     
| U2         STM32F373-48
| U3         AS7620      
| U4         S25FL127    
| U5         LMP8481     
| U6         LMP8481     
| U7         LMP8481     
| U8         ISL94203    
| U9         LM5050      
| U10        LM5050      
| X1         32786Hz     
| Z1         ZENER       
| Z2         ZENER       
#End Cmp

#Cmp ( order = Value )
| 22pF         C2        
| 22pF         C3        
| 4.7nF        C26       
| 4.7nF        C29       
| 4.7nF        C34       
| 33nF         C10       
| 33nF         C14       
| 100nF        C6        
| 100nF        C9        
| 100nF        C21       
| 100nF        C24       
| 100nF        C27       
| 100nF        C30       
| 100nF        C32       
| 100nF        C35       
| 100nF        C39       
| 100nF        C43       
| 100nF        C44       
| 100nF        C4        
| 100nF        C18       
| 100nF        C37       
| 100nF        C38       
| 100nF        C40       
| 100nF        C41       
| 100nF        C42       
| 100nF        C46       
| 100nF        C47       
| 100nF        C48       
| 100nF        C49       
| 100nF        C50       
| 100nF        C51       
| 100nF        C52       
| 100nF        C53       
| 100nF        C54       
| 100nF        C55       
| 100nF        C56       
| 1uF          C7        
| 1uF          C11       
| 1uF          C13       
| 1uF          C15       
| 1uF          C22       
| 1uF          C25       
| 1uF          C31       
| 1uF          C33       
| 1uF          C36       
| 1uF          C12       
| 1uF          C23       
| 1uF          C45       
| 22uF         C5        
| 22uF         C1        
| 22uF         C8        
| 22uF         C16       
| 22uF         C17       
| 22uF         C19       
| 22uF         C20       
| 22uF         C28       
| DIODESCH     D1        
| BAV99U       D2        
| BAV99U       D3        
| DIODESCH     D4        
| BAV99U       D5        
| FUSE         F1        
| 33uH         L1        
| LCD_320x240  LCD1      
| ESP03        M1        
| CONN_5X2     P1        
| CONN_10X2    P2        
| CONN_1       P3        
| CONN_1       P4        
| CONN_1       P5        
| CONN_1       P6        
| CONN_1       P7        
| CONN_1       P8        
| CONN_1       P9        
| CONN_1       P10       
| CONN_1       P11       
| CONN_1       P12       
| CONN_1       P13       
| CONN_1       P14       
| CONN_1       P15       
| CONN_1       P16       
| CONN_1       P17       
| CONN_1       P18       
| CONN_1       P19       
| CONN_1       P20       
| CONN_1       P21       
| CONN_1       P22       
| CONN_1       P23       
| CONN_1       P24       
| N            Qb1       
| N            Qb2       
| N            Qb3       
| N            Qb4       
| N            Qb5       
| P            Qb6       
| P            Qb7       
| P            Qb8       
| 12           R64       
| 12           R65       
| 12           R66       
| 12           R67       
| 12           R68       
| 12           R69       
| 12           R70       
| 12           R71       
| 12           R72       
| 12           R73       
| 12           R74       
| 12           R75       
| 12           R76       
| 12           R77       
| 12           R78       
| 12           R79       
| 100          R23       
| 100          R24       
| 100          R47       
| 100          R48       
| 100          R50       
| 100          R51       
| 1K           R43       
| 1K           R44       
| 1K           R12       
| 1K           R15       
| 1K           R18       
| 1K           R19       
| 1K           R20       
| 1K           R21       
| 1K           R22       
| 1k           R27       
| 1K           R29       
| 1K           R31       
| 1K           R33       
| 1K           R35       
| 1K           R37       
| 1K           R39       
| 1K           R41       
| 1K           R49       
| 10k          R1        
| 10k          R2        
| 10k          R3        
| 10k          R4        
| 10k          R5        
| 10k          R16       
| 10k          R17       
| 10K          R38       
| 10K          R40       
| 10K          R42       
| 10K          R6        
| 10K          R7        
| 10K          R8        
| 10K          R9        
| 10K          R10       
| 10K          R11       
| 10K          R13       
| 10K          R14       
| 10K          R25       
| 10K          R26       
| 10K          R28       
| 10K          R30       
| 10K          R32       
| 10K          R34       
| 10K          R36       
| 10K          R45       
| 10K          R46       
| 10K          R52       
| 10K          R53       
| 470K         R61       
| 470K         R62       
| 470K         R63       
| 470K         R54       
| 470K         R55       
| 470K         R56       
| 470K         R57       
| 470K         R58       
| 470K         R59       
| 470K         R60       
| FAN5622      U1        
| AS7620       U3        
| S25FL127     U4        
| LMP8481      U5        
| LMP8481      U6        
| LMP8481      U7        
| ISL94203     U8        
| LM5050       U9        
| LM5050       U10       
| STM32F373-48 U2        
| 32786Hz      X1        
| ZENER        Z1        
| ZENER        Z2        
#End Cmp

#End List
